//=======================================================================
//			Copyright XashXT Group 2007 ©
//			list with backup directories
//=======================================================================

// global stuff
quake2.dsw
quake2.dsp
backup.lst
backup.bat
debug.bat
release.bat

backends\
backends\generic\
backends\unix\
backends\unix\shared\
backends\windows\
backends\windows\header\
backends\windows\shared\
client\
client\curl\
client\curl\header\
client\header\
client\input\
client\input\header\
client\menu\
client\menu\header\
client\refresh\
client\refresh\constants\
client\refresh\files\
client\refresh\gl1\
client\refresh\gl1\header\
client\refresh\gl3\
client\refresh\gl3\glad\
client\refresh\gl3\glad\include\
client\refresh\gl3\glad\include\glad\
client\refresh\gl3\glad\include\KHR\
client\refresh\gl3\glad\src\
client\refresh\gl3\header\
client\refresh\SDL2\
client\refresh\soft\
client\refresh\soft\header\
client\sound\
client\sound\header\
client\vid\
client\vid\header\
client\vid\icon\
common\
common\header\
common\shared\
common\unzip\
game\
game\header\
game\monster\
game\player\
game\savegame\
server\
server\header\
win-wrapper\
